---
source: ast/src/lexer.rs
expression: actual
---
Token {
    kind: CloseBracket,
    span: 1:1; [0, 1],
}
