---
source: ast/src/parser.rs
expression: "Parser::new(Lexer::new(\"if { }\")).parse()"
---
Err(
    Diagnostics {
        diagnostics: [
            Diagnostic {
                message: "Unexpected `{`, expected one of (9) identifier, number, `true`, `false`, `if`, `while`, `(`, `-`, `[`",
                span: 1:4; [3, 4],
                level: Error,
                generated_at: (
                    "ast/src/parser.rs",
                    992,
                ),
            },
        ],
    },
)
