---
source: ast/src/parser.rs
expression: "Parser::new(Lexer::new(\"S { a: a\")).parse()"
---
Err(
    Diagnostics {
        diagnostics: [
            Diagnostic {
                message: "Unexpected `eof`, expected one of (15) `,` 1554, `.` 1039, `}` 1553, `{` 858, `(` 855, `*` 1208, `/` 1206, `-` 1202, `+` 1204, `==` 1190, `!=` 1192, `>` 1194, `>=` 1196, `<` 1198, `<=` 1200",
                span: 1:9; [8, 8],
                level: Error,
                generated_at: (
                    "ast/src/parser.rs",
                    1549,
                ),
            },
        ],
    },
)
