---
source: ast/src/parser.rs
expression: "Parser :: new(Lexer :: new(\"S { : a, b: a, c: a };\")).parse()"
---
Err(
    Diagnostics {
        diagnostics: [
            Diagnostic {
                message: "Unexpected `:`, expected one of (2) identifier, `}`",
                span: 1:5; [4, 5],
                level: Error,
                generated_at: (
                    "ast/src/parser.rs",
                    1898,
                ),
            },
        ],
    },
)
