---
source: llvm/src/lib.rs
expression: llvm_ir
---
; ModuleID = 'main'
source_filename = "main"

%"S#id0" = type { ptr }

@"gc_callbacks#s1S" = global { ptr, ptr } { ptr @"gc_callback#mark#s1S", ptr null }

; Function Attrs: nounwind
declare void @llvm.gcroot(ptr, ptr) #0

declare ptr @gc_malloc(i64, i64, ptr)

declare void @gc_run()

declare void @gc_mark(ptr)

declare void @tmc_check_array_index(i64, i64, i64, i64)

declare ptr @tmc_stdlib_string_new(ptr, i64)

define private void @_glob() {
entry:
  unreachable
}

define void @"gc_callback#mark#s1S"(ptr %0) {
entry:
  %"local#field0_ptr" = getelementptr inbounds %"S#id0", ptr %0, i32 0, i32 0
  %"local#field0" = load ptr, ptr %"local#field0_ptr", align 8
  call void @gc_mark(ptr %"local#field0")
  ret void
}

define i64 @_TM0_F1f0() gc "shadow-stack" {
entry:
  %"gcroot#heap#array#" = alloca ptr, align 8
  store ptr null, ptr %"gcroot#heap#array#", align 8
  call void @llvm.gcroot(ptr %"gcroot#heap#array#", ptr null)
  %"a#local#sym22#" = alloca ptr, align 8
  store ptr null, ptr %"a#local#sym22#", align 8
  call void @llvm.gcroot(ptr %"a#local#sym22#", ptr null)
  %"heap#array#" = call ptr @gc_malloc(i64 ptrtoint (ptr getelementptr ([2 x i64], ptr null, i32 1) to i64), i64 ptrtoint (ptr getelementptr ({ i1, [2 x i64] }, ptr null, i64 0, i32 1) to i64), ptr null)
  store ptr %"heap#array#", ptr %"gcroot#heap#array#", align 8
  %"heap#array#1" = load [2 x i64], ptr %"heap#array#", align 4
  %"heap#array#[0]#" = insertvalue [2 x i64] %"heap#array#1", i64 0, 0
  %"heap#array#[1]#" = insertvalue [2 x i64] %"heap#array#[0]#", i64 1, 1
  store [2 x i64] %"heap#array#[1]#", ptr %"heap#array#", align 4
  %"heap#struct#S#id0#" = call ptr @gc_malloc(i64 ptrtoint (ptr getelementptr (%"S#id0", ptr null, i32 1) to i64), i64 ptrtoint (ptr getelementptr ({ i1, %"S#id0" }, ptr null, i64 0, i32 1) to i64), ptr @"gc_callbacks#s1S")
  %"heap#struct#S#id0#.field#idx0#sym21" = getelementptr inbounds %"S#id0", ptr %"heap#struct#S#id0#", i32 0, i32 0
  store ptr %"heap#array#", ptr %"heap#struct#S#id0#.field#idx0#sym21", align 8
  store ptr %"heap#struct#S#id0#", ptr %"a#local#sym22#", align 8
  call void @gc_run()
  %"a#local#sym22#2" = load ptr, ptr %"a#local#sym22#", align 8
  %"a#local#sym22#2.field#idx0#sym21#" = getelementptr inbounds %"S#id0", ptr %"a#local#sym22#2", i32 0, i32 0
  %"a#local#sym22#2.field#idx0#sym21#3" = load ptr, ptr %"a#local#sym22#2.field#idx0#sym21#", align 8
  call void @tmc_check_array_index(i64 0, i64 2, i64 9, i64 21)
  %"array[?]#" = getelementptr [2 x i64], ptr %"a#local#sym22#2.field#idx0#sym21#3", i64 0, i64 0
  %"array[?]#4" = load i64, ptr %"array[?]#", align 4
  ret i64 %"array[?]#4"
}

attributes #0 = { nounwind }
