---
source: llvm/src/lib.rs
expression: llvm_ir
---
; ModuleID = 'main'
source_filename = "main"

declare void @print(i64)

declare ptr @malloc(i64)

define i1 @f(i64 %"l#param#sym19#", i64 %"r#param#sym20#") {
entry:
  %"lt#" = icmp slt i64 %"l#param#sym19#", %"r#param#sym20#"
  ret i1 %"lt#"
}
