---
source: hir/src/hir_print.rs
expression: s
---
               +- stmt 0
=    1:     1     +- Namespace name=<root>
                     +- stmt 1
=    2:     1        |  +- Namespace name=core
                     |     +- stmts=[]
                     +- stmt 9
=   34:    17        |  +- Fn name=main
                     |     +- annotations=[]
                     |     +- params=[]
@     :     1        |     +- ret=[]
@     :     2        |     +- body:expr 13
@     :     2        |        +- Block
                     |           +- stmt 6
=   36:     4        |           |  +- Let name=n
@     :     4        |           |     +- expr 6
@     :     4        |           |        +- Call
@     :    15        |           |           +- expr 0
@   32:    15        |           |           |  +- Ident: number_parse
                     |           |           +- params
@     :     6        |           |              +- expr 5
@     :     6        |           |                 +- Call
@     :    13        |           |                    +- expr 1
@   30:    13        |           |                    |  +- Ident: list_get
                     |           |                    +- params
@     :     5        |           |                       +- expr 3
@     :     5        |           |                       |  +- Call
@     :    12        |           |                       |     +- expr 2
@   29:    12        |           |                       |     |  +- Ident: args
                     |           |                       |     +- params=[]
@     :     4        |           |                       +- expr 4
@     :     4        |           |                          +- Number: 1
                     |           +- stmt 7
=   37:     4        |           |  +- Let name=f
@     :     4        |           |     +- expr 9
@     :     4        |           |        +- Call
@     :    10        |           |           +- expr 7
@   35:    10        |           |           |  +- Ident: fibo
                     |           |           +- params
@     :     4        |           |              +- expr 8
@   36:     4        |           |                 +- Ident: n
                     |           +- stmt 8
@     :     1        |              +- Ret
@     :     1        |                 +- expr 12
@     :     1        |                    +- Call
@     :    14        |                       +- expr 10
@   31:    14        |                       |  +- Ident: print
                     |                       +- params
@     :     4        |                          +- expr 11
@   37:     4        |                             +- Ident: f
                     +- stmt 13
=   35:    10        |  +- Fn name=fibo
                     |     +- annotations=[]
                     |     +- params
=   38:     4        |     |  +- n: number
@     :     2        |     +- ret=number
@     :     2        |     +- body:expr 31
@     :     2        |        +- Block
                     |           +- stmt 11
@     :     1        |           |  +- Expression
@     :     1        |           |     +- expr 19
@     :     1        |           |        +- If
@     :     3        |           |           +- cond:expr 16
@     :     3        |           |           |  +- Call
@     :     8        |           |           |     +- expr 38
@   20:     8        |           |           |     |  +- Ident: lt
                     |           |           |     +- params
@     :     4        |           |           |        +- expr 14
@   38:     4        |           |           |        |  +- Ident: n
@     :     4        |           |           |        +- expr 15
@     :     4        |           |           |           +- Number: 2
@     :     2        |           |           +- true:expr 18
@     :     2        |           |              +- Block
                     |           |                 +- stmt 10
@     :     4        |           |                    +- Ret
@     :     4        |           |                       +- expr 17
@   38:     4        |           |                          +- Ident: n
                     |           +- stmt 12
@     :     4        |              +- Ret
@     :     4        |                 +- expr 30
@     :     4        |                    +- Call
@     :     7        |                       +- expr 41
@   27:     7        |                       |  +- Ident: add
                     |                       +- params
@     :     4        |                          +- expr 24
@     :     4        |                          |  +- Call
@     :    10        |                          |     +- expr 20
@   35:    10        |                          |     |  +- Ident: fibo
                     |                          |     +- params
@     :     4        |                          |        +- expr 23
@     :     4        |                          |           +- Call
@     :     7        |                          |              +- expr 39
@   15:     7        |                          |              |  +- Ident: sub
                     |                          |              +- params
@     :     4        |                          |                 +- expr 21
@   38:     4        |                          |                 |  +- Ident: n
@     :     4        |                          |                 +- expr 22
@     :     4        |                          |                    +- Number: 1
@     :     4        |                          +- expr 29
@     :     4        |                             +- Call
@     :    10        |                                +- expr 25
@   35:    10        |                                |  +- Ident: fibo
                     |                                +- params
@     :     4        |                                   +- expr 28
@     :     4        |                                      +- Call
@     :     7        |                                         +- expr 40
@   15:     7        |                                         |  +- Ident: sub
                     |                                         +- params
@     :     4        |                                            +- expr 26
@   38:     4        |                                            |  +- Ident: n
@     :     4        |                                            +- expr 27
@     :     4        |                                               +- Number: 2
                     +- stmt 20
=    3:     1           +- Namespace name=std
                           +- stmt 14
=   11:     1              |  +- Annotation name=native
                           +- stmt 15
=    4:     1              |  +- Namespace name=booleans
                           |     +- stmt 28
=   28:    11              |        +- Fn name=print (native)
                           |           +- annotations
@   11:     1              |           |  +- std.native
                           |           +- params
=   39:     3              |           |  +- b: core.boolean
@     :     1              |           +- ret=[]
                           +- stmt 16
=    5:     1              |  +- Namespace name=env
                           |     +- stmt 27
=   29:    12              |        +- Fn name=args (native)
                           |           +- annotations
@   11:     1              |           |  +- std.native
                           |           +- params=[]
@     :     5              |           +- ret=std.list.List
                           +- stmt 17
=    6:     1              |  +- Namespace name=list
                           |     +- stmt 25
=    7:     5              |     |  +- Struct name=List (native)
                           |     +- stmt 26
=   30:    13              |        +- Fn name=list_get (native)
                           |           +- annotations
@   11:     1              |           |  +- std.native
                           |           +- params
=   40:     5              |           |  +- list: List
=   41:     4              |           |  +- index: number
@     :     6              |           +- ret=std.str.string
                           +- stmt 18
=    8:     1              |  +- Namespace name=numbers
                           |     +- stmt 23
=   31:    14              |     |  +- Fn name=print (native)
                           |     |     +- annotations
@   11:     1              |     |     |  +- std.native
                           |     |     +- params
=   42:     4              |     |     |  +- n: core.number
@     :     1              |     |     +- ret=[]
                           |     +- stmt 24
=   32:    15              |        +- Fn name=number_parse (native)
                           |           +- annotations
@   11:     1              |           |  +- std.native
                           |           +- params
=   43:     6              |           |  +- s: std.str.string
@     :     2              |           +- ret=core.number
                           +- stmt 19
=    9:     1                 +- Namespace name=str
                                 +- stmt 21
=   10:     6                    |  +- Struct name=string (native)
                                 +- stmt 22
=   33:    16                       +- Fn name=print (native)
                                       +- annotations
@   11:     1                          |  +- std.native
                                       +- params
=   44:     6                          |  +- s: string
@     :     1                          +- ret=[]

--- types ---
0: invalid
1: void
2: none
3: boolean
4: number
5: struct 7
6: struct 10
7: f(4, 4) : 4
8: f(4, 4) : 3
9: f(3, 3) : 3
10: f(4) : 4
11: f(3) : 1
12: f() : 5
13: f(5, 4) : 6
14: f(4) : 1
15: f(6) : 4
16: f(6) : 1
17: f() : 1
