---
source: src/output/pretty_print.rs
expression: w
---
s.f.g;

