---
source: src/ast/passes/operators_converter.rs
expression: w
---
eq(lhs, rhs);

