---
source: src/parser.rs
expression: "Parser::new(Lexer::new(\"let x(\")).parse()"
---
Err(
    Diagnostics {
        diagnostics: [
            Diagnostic {
                message: "Unexpected `eof`, expected one of identifier, `)`",
                span: 1:7; [6, 6],
                level: Error,
                generated_at: (
                    "src/parser.rs",
                    351,
                ),
            },
        ],
    },
)
