---
source: src/parser.rs
expression: "Parser::new(Lexer::new(\"forty_two\")).parse()"
---
Err(
    Diagnostics {
        diagnostics: [
            Diagnostic {
                message: "Unexpected `eof`, expected one of `;`, `(`, `=`, `*`, `/`, `-`, `+`, `==`, `!=`, `>`, `>=`, `<`, `<=`",
                span: 1:10; [9, 9],
                level: Error,
                generated_at: (
                    "src/parser.rs",
                    934,
                ),
            },
        ],
    },
)
