---
source: src/parser.rs
expression: "Parser::new(Lexer::new(\"struct S { a: , b: number, c: number }\")).parse()"
---
Err(
    Diagnostics {
        diagnostics: [
            Diagnostic {
                message: "Unexpected `,`, expected one of identifier",
                span: 1:15; [14, 15],
                level: Error,
                generated_at: (
                    "src/parser.rs",
                    555,
                ),
            },
        ],
    },
)
