---
source: src/ast.rs
expression: "&ast1.merge(ast2)"
---
Ast {
    identifiers: [
        "x_1",
        "x_2",
    ],
    identifier_refs: [
        IdentifierRef {
            id: IdentRefId {
                id: 0,
            },
            ident: Identifier {
                id: IdentId {
                    id: 0,
                },
                span: 1:21; [20, 23],
            },
            bound_state: Unbound,
        },
        IdentifierRef {
            id: IdentRefId {
                id: 1,
            },
            ident: Identifier {
                id: IdentId {
                    id: 0,
                },
                span: 1:14; [13, 16],
            },
            bound_state: Unbound,
        },
        IdentifierRef {
            id: IdentRefId {
                id: 2,
            },
            ident: Identifier {
                id: IdentId {
                    id: 1,
                },
                span: 1:21; [20, 23],
            },
            bound_state: Unbound,
        },
        IdentifierRef {
            id: IdentRefId {
                id: 3,
            },
            ident: Identifier {
                id: IdentId {
                    id: 1,
                },
                span: 1:14; [13, 16],
            },
            bound_state: Unbound,
        },
    ],
    expressions: [
        Expression {
            id: ExprId {
                id: 0,
            },
            kind: Literal(
                Literal {
                    kind: Number(
                        0,
                    ),
                    span: 1:11; [10, 11],
                },
            ),
            span: 1:11; [10, 11],
            typed_state: Untyped,
        },
        Expression {
            id: ExprId {
                id: 1,
            },
            kind: Literal(
                Literal {
                    kind: Identifier(
                        IdentRefId {
                            id: 0,
                        },
                    ),
                    span: 1:21; [20, 23],
                },
            ),
            span: 1:21; [20, 23],
            typed_state: Untyped,
        },
        Expression {
            id: ExprId {
                id: 2,
            },
            kind: Unary(
                UnaryOperator {
                    kind: Minus,
                    span: 1:20; [19, 20],
                },
                ExprId {
                    id: 1,
                },
            ),
            span: 1:20; [19, 23],
            typed_state: Untyped,
        },
        Expression {
            id: ExprId {
                id: 3,
            },
            kind: Literal(
                Literal {
                    kind: Number(
                        2,
                    ),
                    span: 1:27; [26, 27],
                },
            ),
            span: 1:27; [26, 27],
            typed_state: Untyped,
        },
        Expression {
            id: ExprId {
                id: 4,
            },
            kind: Binary(
                ExprId {
                    id: 2,
                },
                BinaryOperator {
                    kind: Multiplication,
                    span: 1:25; [24, 25],
                },
                ExprId {
                    id: 3,
                },
            ),
            span: 1:20; [19, 27],
            typed_state: Untyped,
        },
        Expression {
            id: ExprId {
                id: 5,
            },
            kind: Assignment(
                IdentRefId {
                    id: 1,
                },
                ExprId {
                    id: 4,
                },
            ),
            span: 1:14; [13, 27],
            typed_state: Untyped,
        },
        Expression {
            id: ExprId {
                id: 6,
            },
            kind: Literal(
                Literal {
                    kind: Number(
                        0,
                    ),
                    span: 1:11; [10, 11],
                },
            ),
            span: 1:11; [10, 11],
            typed_state: Untyped,
        },
        Expression {
            id: ExprId {
                id: 7,
            },
            kind: Literal(
                Literal {
                    kind: Identifier(
                        IdentRefId {
                            id: 2,
                        },
                    ),
                    span: 1:21; [20, 23],
                },
            ),
            span: 1:21; [20, 23],
            typed_state: Untyped,
        },
        Expression {
            id: ExprId {
                id: 8,
            },
            kind: Unary(
                UnaryOperator {
                    kind: Minus,
                    span: 1:20; [19, 20],
                },
                ExprId {
                    id: 7,
                },
            ),
            span: 1:20; [19, 23],
            typed_state: Untyped,
        },
        Expression {
            id: ExprId {
                id: 9,
            },
            kind: Literal(
                Literal {
                    kind: Number(
                        2,
                    ),
                    span: 1:27; [26, 27],
                },
            ),
            span: 1:27; [26, 27],
            typed_state: Untyped,
        },
        Expression {
            id: ExprId {
                id: 10,
            },
            kind: Binary(
                ExprId {
                    id: 8,
                },
                BinaryOperator {
                    kind: Multiplication,
                    span: 1:25; [24, 25],
                },
                ExprId {
                    id: 9,
                },
            ),
            span: 1:20; [19, 27],
            typed_state: Untyped,
        },
        Expression {
            id: ExprId {
                id: 11,
            },
            kind: Assignment(
                IdentRefId {
                    id: 3,
                },
                ExprId {
                    id: 10,
                },
            ),
            span: 1:14; [13, 27],
            typed_state: Untyped,
        },
    ],
    statements: [
        Statement {
            id: StmtId {
                id: 0,
            },
            kind: Let(
                Identifier {
                    id: IdentId {
                        id: 0,
                    },
                    span: 1:5; [4, 7],
                },
                ExprId {
                    id: 0,
                },
            ),
            span: 1:1; [0, 12],
        },
        Statement {
            id: StmtId {
                id: 1,
            },
            kind: Expression(
                ExprId {
                    id: 5,
                },
            ),
            span: 1:14; [13, 28],
        },
        Statement {
            id: StmtId {
                id: 2,
            },
            kind: Let(
                Identifier {
                    id: IdentId {
                        id: 1,
                    },
                    span: 1:5; [4, 7],
                },
                ExprId {
                    id: 6,
                },
            ),
            span: 1:1; [0, 12],
        },
        Statement {
            id: StmtId {
                id: 3,
            },
            kind: Expression(
                ExprId {
                    id: 11,
                },
            ),
            span: 1:14; [13, 28],
        },
    ],
    root: [
        StmtId {
            id: 0,
        },
        StmtId {
            id: 1,
        },
        StmtId {
            id: 2,
        },
        StmtId {
            id: 3,
        },
    ],
    symbols: [],
    types: [],
    state: WithoutImplicitRet,
}
