---
source: src/ast.rs
expression: "&xml"
---
<?xml version="1.0" encoding="utf-8"?>
<unit>
  <ast>
    <identifiers>
      <ident id="ident:0">c_1</ident>
      <ident id="ident:1">w_1</ident>
      <ident id="ident:2">c_2</ident>
      <ident id="ident:3">w_2</ident>
      <ident id="ident:4">add</ident>
      <ident id="ident:5">div</ident>
      <ident id="ident:6">eq</ident>
      <ident id="ident:7">ge</ident>
      <ident id="ident:8">gt</ident>
      <ident id="ident:9">le</ident>
      <ident id="ident:10">lt</ident>
      <ident id="ident:11">mul</ident>
      <ident id="ident:12">neg</ident>
      <ident id="ident:13">neq</ident>
      <ident id="ident:14">sub</ident>
    </identifiers>
    <stmt id="stmt:0" line="1" column="1" start="0" len="15">
      <let>
        <identifier ref="ident:0" line="1" column="5" start="4" len="3">c_1</identifier>
        <expression line="1" column="11" start="10" len="4">
          <expr id="expr:0" line="1" column="11" start="10" len="4">
            <bool>true</bool>
          </expr>
        </expression>
      </let>
    </stmt>
    <stmt id="stmt:1" line="1" column="17" start="16" len="12">
      <let>
        <identifier ref="ident:1" line="1" column="21" start="20" len="3">w_1</identifier>
        <expression line="1" column="27" start="26" len="1">
          <expr id="expr:1" line="1" column="27" start="26" len="1">
            <number>1</number>
          </expr>
        </expression>
      </let>
    </stmt>
    <stmt id="stmt:3" line="1" column="30" start="29" len="18">
      <expr id="expr:5" line="1" column="30" start="29" len="18">
        <while>
          <condition line="1" column="36" start="35" len="3">
            <expr id="expr:2" line="1" column="36" start="35" len="3">
              <identifier-ref id="ident-ref:0" ident-ref="ident:0" target-id="stmt:0">c_1</identifier-ref>
            </expr>
          </condition>
          <body>
            <expr id="expr:4" line="1" column="40" start="39" len="8">
              <block>
                <stmt id="stmt:2" line="1" column="42" start="41" len="4">
                  <expr id="expr:3" line="1" column="42" start="41" len="3">
                    <identifier-ref id="ident-ref:1" ident-ref="ident:1" target-id="stmt:1">w_1</identifier-ref>
                  </expr>
                </stmt>
              </block>
            </expr>
          </body>
        </while>
      </expr>
    </stmt>
    <stmt id="stmt:4" line="1" column="1" start="0" len="16">
      <let>
        <identifier ref="ident:2" line="1" column="5" start="4" len="3">c_2</identifier>
        <expression line="1" column="11" start="10" len="5">
          <expr id="expr:6" line="1" column="11" start="10" len="5">
            <bool>false</bool>
          </expr>
        </expression>
      </let>
    </stmt>
    <stmt id="stmt:5" line="1" column="18" start="17" len="12">
      <let>
        <identifier ref="ident:3" line="1" column="22" start="21" len="3">w_2</identifier>
        <expression line="1" column="28" start="27" len="1">
          <expr id="expr:7" line="1" column="28" start="27" len="1">
            <number>2</number>
          </expr>
        </expression>
      </let>
    </stmt>
    <stmt id="stmt:7" line="1" column="31" start="30" len="18">
      <expr id="expr:11" line="1" column="31" start="30" len="18">
        <while>
          <condition line="1" column="37" start="36" len="3">
            <expr id="expr:8" line="1" column="37" start="36" len="3">
              <identifier-ref id="ident-ref:2" ident-ref="ident:2" target-id="stmt:4">c_2</identifier-ref>
            </expr>
          </condition>
          <body>
            <expr id="expr:10" line="1" column="41" start="40" len="8">
              <block>
                <stmt id="stmt:6" line="1" column="43" start="42" len="4">
                  <expr id="expr:9" line="1" column="43" start="42" len="3">
                    <identifier-ref id="ident-ref:3" ident-ref="ident:3" target-id="stmt:5">w_2</identifier-ref>
                  </expr>
                </stmt>
              </block>
            </expr>
          </body>
        </while>
      </expr>
    </stmt>
  </ast>
</unit>
