---
source: src/parser.rs
expression: "Parser::new(Lexer::new(\"times_two(21)\")).parse()"
---
Err(
    Diagnostics {
        diagnostics: [
            Diagnostic {
                message: "Unexpected `eof`, expected one of `;`, `*`, `/`, `-`, `+`, `==`, `!=`, `>`, `>=`, `<`, `<=`",
                span: 1:14; [13, 13],
                level: Error,
                generated_at: (
                    "src/parser.rs",
                    1163,
                ),
            },
        ],
    },
)
