---
source: hir/src/passes/operators_converter.rs
expression: w
---
add(lhs, rhs);

