---
source: hir/src/passes/resolver.rs
expression: resolved_hir
---
Err(
    Diagnostics {
        diagnostics: [
            Diagnostic {
                message: "RHS expected to be of type number, got boolean",
                span: 1:58; [57, 60],
                level: Error,
            },
        ],
        inputs: (),
    },
)
