---
source: hir/src/passes/exit_points_resolver.rs
expression: "(ast, block_exit_points)"
---
(
    Ast {
        identifiers: [
            IdentId(0) => "<root>",
            IdentId(1) => "f",
            IdentId(2) => "a",
        ],
        identifier_refs: [
            IdentRefId(0) => IdentifierRef {
                id: IdentRefId(0),
                ident: Identifier {
                    id: IdentId(2),
                    span: 3:17; [31, 32],
                },
            },
        ],
        expressions: [
            ExprId(0) => Expression {
                id: ExprId(0),
                kind: Literal(
                    Literal {
                        kind: IdentRefId(0),
                        span: 3:17; [31, 32],
                    },
                ),
                span: 3:17; [31, 32],
            },
            ExprId(1) => Expression {
                id: ExprId(1),
                kind: Literal(
                    Literal {
                        kind: Boolean(true),
                        span: 3:22; [36, 40],
                    },
                ),
                span: 3:22; [36, 40],
            },
            ExprId(2) => Expression {
                id: ExprId(2),
                kind: Literal(
                    Literal {
                        kind: Number(0),
                        span: 3:33; [47, 48],
                    },
                ),
                span: 3:33; [47, 48],
            },
            ExprId(3) => Expression {
                id: ExprId(3),
                kind: Block(
                    [
                        StmtId(1),
                    ],
                ),
                span: 3:27; [41, 51],
            },
            ExprId(4) => Expression {
                id: ExprId(4),
                kind: Literal(
                    Literal {
                        kind: Number(1),
                        span: 3:49; [63, 64],
                    },
                ),
                span: 3:49; [63, 64],
            },
            ExprId(5) => Expression {
                id: ExprId(5),
                kind: Block(
                    [
                        StmtId(2),
                    ],
                ),
                span: 3:43; [57, 67],
            },
            ExprId(6) => Expression {
                id: ExprId(6),
                kind: If(
                    ExprId(1),
                    ExprId(3),
                    Some(
                        ExprId(5),
                    ),
                ),
                span: 3:19; [33, 67],
            },
            ExprId(7) => Expression {
                id: ExprId(7),
                kind: ArrayAccess(
                    ExprId(0),
                    ExprId(6),
                ),
                span: 3:18; [32, 68],
            },
            ExprId(8) => Expression {
                id: ExprId(8),
                kind: Literal(
                    Literal {
                        kind: Number(2),
                        span: 4:13; [82, 83],
                    },
                ),
                span: 4:13; [82, 83],
            },
            ExprId(9) => Expression {
                id: ExprId(9),
                kind: Block(
                    [
                        StmtId(3),
                        StmtId(4),
                    ],
                ),
                span: 2:13; [13, 90],
            },
        ],
        statements: [
            StmtId(0) => Statement {
                id: StmtId(0),
                kind: Namespace(
                    Identifier {
                        id: IdentId(0),
                        span: 0:0; [0, 0],
                    },
                    None,
                    InputId(0),
                    [
                        StmtId(5),
                    ],
                ),
                span: 0:0; [0, 0],
            },
            StmtId(1) => Statement {
                id: StmtId(1),
                kind: Ret(
                    Some(
                        ExprId(2),
                    ),
                    Explicit,
                ),
                span: 3:29; [43, 49],
            },
            StmtId(2) => Statement {
                id: StmtId(2),
                kind: Ret(
                    Some(
                        ExprId(4),
                    ),
                    Explicit,
                ),
                span: 3:45; [59, 65],
            },
            StmtId(3) => Statement {
                id: StmtId(3),
                kind: Let(
                    Identifier {
                        id: IdentId(2),
                        span: 3:13; [27, 28],
                    },
                    ExprId(7),
                ),
                span: 3:9; [23, 69],
            },
            StmtId(4) => Statement {
                id: StmtId(4),
                kind: Ret(
                    Some(
                        ExprId(8),
                    ),
                    Explicit,
                ),
                span: 4:9; [78, 84],
            },
            StmtId(5) => Statement {
                id: StmtId(5),
                kind: LetFn(
                    Identifier {
                        id: IdentId(1),
                        span: 2:9; [9, 10],
                    },
                    [],
                    [],
                    Return {
                        type_def_id: None,
                    },
                    ExprId(9),
                ),
                span: 2:5; [5, 90],
            },
        ],
        type_defs: [],
        roots: [
            StmtId(0),
        ],
    },
    [
        (
            ExprId(3),
            Output {
                exit_points: [
                    Explicit(
                        Some(
                            ExprId(2),
                        ),
                    ),
                ],
                unreachable: [],
            },
        ),
        (
            ExprId(5),
            Output {
                exit_points: [
                    Explicit(
                        Some(
                            ExprId(4),
                        ),
                    ),
                ],
                unreachable: [],
            },
        ),
        (
            ExprId(9),
            Output {
                exit_points: [
                    Explicit(
                        Some(
                            ExprId(2),
                        ),
                    ),
                    Explicit(
                        Some(
                            ExprId(4),
                        ),
                    ),
                ],
                unreachable: [
                    ExprId(8),
                ],
            },
        ),
    ],
)
