---
source: compiler/tests/struct_simple.rs
expression: "format!(\"success:{}\\nstdout:\\n{}\\n\\nstderr:\\n{}\", output.status.success(),\n    String :: from_utf8(output.stdout).unwrap(), String ::\n    from_utf8(output.stderr).unwrap())"
---
success:true
stdout:
f(0) = 1
f(1) = 3
f(2) = 5
f(3) = 7
f(4) = 9
f(5) = 11
f(6) = 13
f(7) = 15
f(8) = 17
f(9) = 19


stderr:
