---
source: nst/src/pretty_print.rs
expression: w
---
use a.b.c;
