---
source: nst/src/implicit_ret_converter.rs
expression: w
---
let f() = {
  ret while true {
  };
}
